UTF-8

Rizki
Agung
Rizki Agung
Ag
Al
Br
C
Ca
Cr
Cl
Cu
F
Fe
H
I
K
Mg
N
Na
O
S
Zn
AgBr
BrAg
AgI
IAg
AlAlOOO
AlOAlOO
AlOOAlO
AlOOOAl
OAlAlOO
OAlOAlO
OAlOOAl
OOAlAlO
OOAlOAl
OOOAlAl
CO
CO
OC
COO
OCO
OOC
CClClFF
CClFClF
CClFFCl
CFClClF
CFClFCl
CFFClCl
ClCClFF
ClCFClF
ClCFFCl
ClClCFF
ClClFCF
ClClFFC
ClFCClF
ClFCFCl
ClFClCF
ClFClFC
ClFFCCl
ClFFClC
FCClClF
FCClFCl
FCFClCl
FClCClF
FClCFCl
FClClCF
FClClFC
FClFCCl
FClFClC
FFCClCl
FFClCCl
FFClClC
BrCHHH
BrHCHH
BrHHCH
BrHHHC
CBrHHH
CHBrHH
CHHBrH
CHHHBr
HBrCHH
HBrHCH
HBrHHC
HCBrHH
HCHBrH
HCHHBr
HHBrCH
HHBrHC
HHCBrH
HHCHBr
HHHBrC
HHHCBr
CHIII
CIHII
CIIHI
CIIIH
HCIII
HICII
HIICI
HIIIC
ICHII
ICIHI
ICIIH
IHCII
IHICI
IHIIC
IICHI
IICIH
IIHCI
IIHIC
IIICH
IIIHC
CII
ICI
IIC
CaO
OCa
CaOOOOS
CaOOOSO
CaOOSOO
CaOSOOO
CaSOOOO
OCaOOOS
OCaOOSO
OCaOSOO
OCaSOOO
OOCaOOS
OOCaOSO
OOCaSOO
OOOCaOS
OOOCaSO
OOOOCaS
OOOOSCa
OOOSCaO
OOOSOCa
OOSCaOO
OOSOCaO
OOSOOCa
OSCaOOO
OSOCaOO
OSOOCaO
OSOOOCa
SCaOOOO
SOCaOOO
SOOCaOO
SOOOCaO
SOOOOCa
CaCC
CCaC
CCCa
CaCOOO
CaOCOO
CaOOCO
CaOOOC
CCaOOO
COCaOO
COOCaO
COOOCa
OCaCOO
OCaOCO
OCaOOC
OCCaOO
OCOCaO
OCOOCa
OOCaCO
OOCaOC
OOCCaO
OOCOCa
OOOCaC
OOOCCa
ClClClCH
ClClClHC
ClClCClH
ClClCHCl
ClClHClC
ClClHCCl
ClCClClH
ClCClHCl
ClCHClCl
ClHClClC
ClHClCCl
ClHCClCl
CClClClH
CClClHCl
CClHClCl
CHClClCl
HClClClC
HClClCCl
HClCClCl
HCClClCl
CHHHHO
CHHHOH
CHHOHH
CHOHHH
COHHHH
HCHHHO
HCHHOH
HCHOHH
HCOHHH
HHCHHO
HHCHOH
HHCOHH
HHHCHO
HHHCOH
HHHHCO
HHHHOC
HHHOCH
HHHOHC
HHOCHH
HHOHCH
HHOHHC
HOCHHH
HOHCHH
HOHHCH
HOHHHC
OCHHHH
OHCHHH
OHHCHH
OHHHCH
OHHHHC
CrO
OCr
CrClClCl
ClCrClCl
ClClCrCl
ClClClCr
CuClCl
ClCuCl
ClClCu
FeO
OFe
HCN
HNC
CHN
CNH
NCH
NHC
HCl
ClH
HClO
HOCl
ClHO
ClOH
OHCl
OClH
HF
FH
HNOOO
HONOO
HOONO
HOOON
NHOOO
NOHOO
NOOHO
NOOOH
OHNOO
OHONO
OHOON
ONHOO
ONOHO
ONOOH
OOHNO
OOHON
OONHO
OONOH
OOOHN
OOONH
CHHO
CHOH
COHH
HCHO
HCOH
HHCO
HHOC
HOCH
HOHC
OCHH
OHCH
OHHC
HHO
HOH
OHH
HHOOOOS
HHOOOSO
HHOOSOO
HHOSOOO
HHSOOOO
HOHOOOS
HOHOOSO
HOHOSOO
HOHSOOO
HOOHOOS
HOOHOSO
HOOHSOO
HOOOHOS
HOOOHSO
HOOOOHS
HOOOOSH
HOOOSHO
HOOOSOH
HOOSHOO
HOOSOHO
HOOSOOH
HOSHOOO
HOSOHOO
HOSOOHO
HOSOOOH
HSHOOOO
HSOHOOO
HSOOHOO
HSOOOHO
HSOOOOH
OHHOOOS
OHHOOSO
OHHOSOO
OHHSOOO
OHOHOOS
OHOHOSO
OHOHSOO
OHOOHOS
OHOOHSO
OHOOOHS
OHOOOSH
OHOOSHO
OHOOSOH
OHOSHOO
OHOSOHO
OHOSOOH
OHSHOOO
OHSOHOO
OHSOOHO
OHSOOOH
OOHHOOS
OOHHOSO
OOHHSOO
OOHOHOS
OOHOHSO
OOHOOHS
OOHOOSH
OOHOSHO
OOHOSOH
OOHSHOO
OOHSOHO
OOHSOOH
OOOHHOS
OOOHHSO
OOOHOHS
OOOHOSH
OOOHSHO
OOOHSOH
OOOOHHS
OOOOHSH
OOOOSHH
OOOSHHO
OOOSHOH
OOOSOHH
OOSHHOO
OOSHOHO
OOSHOOH
OOSOHHO
OOSOHOH
OOSOOHH
OSHHOOO
OSHOHOO
OSHOOHO
OSHOOOH
OSOHHOO
OSOHOHO
OSOHOOH
OSOOHHO
OSOOHOH
OSOOOHH
SHHOOOO
SHOHOOO
SHOOHOO
SHOOOHO
SHOOOOH
SOHHOOO
SOHOHOO
SOHOOHO
SOHOOOH
SOOHHOO
SOOHOHO
SOOHOOH
SOOOHHO
SOOOHOH
SOOOOHH
KBr
BrK
ClKOOO
ClOKOO
ClOOKO
ClOOOK
KClOOO
KOClOO
KOOClO
KOOOCl
OClKOO
OClOKO
OClOOK
OKClOO
OKOClO
OKOOCl
OOClKO
OOClOK
OOKClO
OOKOCl
OOOClK
OOOKCl
KCl
ClK
KI
IK
IKOOO
IOKOO
IOOKO
IOOOK
KIOOO
KOIOO
KOOIO
KOOOI
OIKOO
OIOKO
OIOOK
OKIOO
OKOIO
OKOOI
OOIKO
OOIOK
OOKIO
OOKOI
OOOIK
OOOKI
KKO
KOK
OKK
MgO
OMg
NOO
ONO
OON
HHHN
HHNH
HNHH
NHHH
ClHHHHN
ClHHHNH
ClHHNHH
ClHNHHH
ClNHHHH
HClHHHN
HClHHNH
HClHNHH
HClNHHH
HHClHHN
HHClHNH
HHClNHH
HHHClHN
HHHClNH
HHHHClN
HHHHNCl
HHHNClH
HHHNHCl
HHNClHH
HHNHClH
HHNHHCl
HNClHHH
HNHClHH
HNHHClH
HNHHHCl
NClHHHH
NHClHHH
NHHClHH
NHHHClH
NHHHHCl
NaBr
BrNa
NaCl
ClNa
NaF
FNa
CHNaOOO
CHONaOO
CHOONaO
CHOOONa
CNaHOOO
CNaOHOO
CNaOOHO
CNaOOOH
COHNaOO
COHONaO
COHOONa
CONaHOO
CONaOHO
CONaOOH
COOHNaO
COOHONa
COONaHO
COONaOH
COOOHNa
COOONaH
HCNaOOO
HCONaOO
HCOONaO
HCOOONa
HNaCOOO
HNaOCOO
HNaOOCO
HNaOOOC
HOCNaOO
HOCONaO
HOCOONa
HONaCOO
HONaOCO
HONaOOC
HOOCNaO
HOOCONa
HOONaCO
HOONaOC
HOOOCNa
HOOONaC
NaCHOOO
NaCOHOO
NaCOOHO
NaCOOOH
NaHCOOO
NaHOCOO
NaHOOCO
NaHOOOC
NaOCHOO
NaOCOHO
NaOCOOH
NaOHCOO
NaOHOCO
NaOHOOC
NaOOCHO
NaOOCOH
NaOOHCO
NaOOHOC
NaOOOCH
NaOOOHC
OCHNaOO
OCHONaO
OCHOONa
OCNaHOO
OCNaOHO
OCNaOOH
OCOHNaO
OCOHONa
OCONaHO
OCONaOH
OCOOHNa
OCOONaH
OHCNaOO
OHCONaO
OHCOONa
OHNaCOO
OHNaOCO
OHNaOOC
OHOCNaO
OHOCONa
OHONaCO
OHONaOC
OHOOCNa
OHOONaC
ONaCHOO
ONaCOHO
ONaCOOH
ONaHCOO
ONaHOCO
ONaHOOC
ONaOCHO
ONaOCOH
ONaOHCO
ONaOHOC
ONaOOCH
ONaOOHC
OOCHNaO
OOCHONa
OOCNaHO
OOCNaOH
OOCOHNa
OOCONaH
OOHCNaO
OOHCONa
OOHNaCO
OOHNaOC
OOHOCNa
OOHONaC
OONaCHO
OONaCOH
OONaHCO
OONaHOC
OONaOCH
OONaOHC
OOOCHNa
OOOCNaH
OOOHCNa
OOOHNaC
OOONaCH
OOONaHC
NaClO
NaOCl
ClNaO
ClONa
OClNa
ONaCl
NaOH
NaHO
ONaH
OHNa
HNaO
HONa
OO
OOO
FFFFFFS
FFFFFSF
FFFFSFF
FFFSFFF
FFSFFFF
FSFFFFF
SFFFFFF
SOO
OSO
OOS
ZnClCl
ClZnCl
ClClZn

